-- Found ament_cmake: 1.3.14 (/opt/ros/humble/share/ament_cmake/cmake)
-- Found rclcpp: 16.0.21 (/opt/ros/humble/share/rclcpp/cmake)
-- Found rosidl_generator_c: 3.1.9 (/opt/ros/humble/share/rosidl_generator_c/cmake)
-- Found rosidl_adapter: 3.1.9 (/opt/ros/humble/share/rosidl_adapter/cmake)
-- Found rosidl_generator_cpp: 3.1.9 (/opt/ros/humble/share/rosidl_generator_cpp/cmake)
-- Using all available rosidl_typesupport_c: rosidl_typesupport_fastrtps_c;rosidl_typesupport_introspection_c
-- Using all available rosidl_typesupport_cpp: rosidl_typesupport_fastrtps_cpp;rosidl_typesupport_introspection_cpp
-- Found rmw_implementation_cmake: 6.1.4 (/opt/ros/humble/share/rmw_implementation_cmake/cmake)
-- Found rmw_fastrtps_cpp: 6.2.10 (/opt/ros/humble/share/rmw_fastrtps_cpp/cmake)
-- Using RMW implementation 'rmw_fastrtps_cpp' as default
-- Found geometry_msgs: 4.9.2 (/opt/ros/humble/share/geometry_msgs/cmake)
-- Found std_srvs: 4.9.2 (/opt/ros/humble/share/std_srvs/cmake)
-- Found ament_lint_auto: 0.12.15 (/opt/ros/humble/share/ament_lint_auto/cmake)
-- Added test 'cppcheck' to perform static code analysis on C / C++ code
-- Configured cppcheck include dirs: 
-- Configured cppcheck exclude dirs and/or files: 
-- Added test 'lint_cmake' to check CMake code style
-- Added test 'uncrustify' to check C / C++ code style
-- Configured uncrustify additional arguments: 
-- Added test 'xmllint' to check XML markup files
-- Configuring done
-- Generating done
-- Build files have been written to: /home/d-vinn/ros2_study/src/ros-turtle-control/ros-turtle-control/build/ros_pkg
[ 50%] [32mBuilding CXX object CMakeFiles/turtle_node.dir/src/turtle_control.cpp.o[0m
[100%] [32m[1mLinking CXX executable turtle_node[0m
[100%] Built target turtle_node
-- Install configuration: ""
-- Installing: /home/d-vinn/ros2_study/src/ros-turtle-control/ros-turtle-control/install/ros_pkg/lib/ros_pkg/turtle_node
-- Set runtime path of "/home/d-vinn/ros2_study/src/ros-turtle-control/ros-turtle-control/install/ros_pkg/lib/ros_pkg/turtle_node" to ""
-- Installing: /home/d-vinn/ros2_study/src/ros-turtle-control/ros-turtle-control/install/ros_pkg/share/ament_index/resource_index/package_run_dependencies/ros_pkg
-- Installing: /home/d-vinn/ros2_study/src/ros-turtle-control/ros-turtle-control/install/ros_pkg/share/ament_index/resource_index/parent_prefix_path/ros_pkg
-- Installing: /home/d-vinn/ros2_study/src/ros-turtle-control/ros-turtle-control/install/ros_pkg/share/ros_pkg/environment/ament_prefix_path.sh
-- Installing: /home/d-vinn/ros2_study/src/ros-turtle-control/ros-turtle-control/install/ros_pkg/share/ros_pkg/environment/ament_prefix_path.dsv
-- Installing: /home/d-vinn/ros2_study/src/ros-turtle-control/ros-turtle-control/install/ros_pkg/share/ros_pkg/environment/path.sh
-- Installing: /home/d-vinn/ros2_study/src/ros-turtle-control/ros-turtle-control/install/ros_pkg/share/ros_pkg/environment/path.dsv
-- Installing: /home/d-vinn/ros2_study/src/ros-turtle-control/ros-turtle-control/install/ros_pkg/share/ros_pkg/local_setup.bash
-- Installing: /home/d-vinn/ros2_study/src/ros-turtle-control/ros-turtle-control/install/ros_pkg/share/ros_pkg/local_setup.sh
-- Installing: /home/d-vinn/ros2_study/src/ros-turtle-control/ros-turtle-control/install/ros_pkg/share/ros_pkg/local_setup.zsh
-- Installing: /home/d-vinn/ros2_study/src/ros-turtle-control/ros-turtle-control/install/ros_pkg/share/ros_pkg/local_setup.dsv
-- Installing: /home/d-vinn/ros2_study/src/ros-turtle-control/ros-turtle-control/install/ros_pkg/share/ros_pkg/package.dsv
-- Installing: /home/d-vinn/ros2_study/src/ros-turtle-control/ros-turtle-control/install/ros_pkg/share/ament_index/resource_index/packages/ros_pkg
-- Installing: /home/d-vinn/ros2_study/src/ros-turtle-control/ros-turtle-control/install/ros_pkg/share/ros_pkg/cmake/ros_pkgConfig.cmake
-- Installing: /home/d-vinn/ros2_study/src/ros-turtle-control/ros-turtle-control/install/ros_pkg/share/ros_pkg/cmake/ros_pkgConfig-version.cmake
-- Installing: /home/d-vinn/ros2_study/src/ros-turtle-control/ros-turtle-control/install/ros_pkg/share/ros_pkg/package.xml
