[0.228s] Invoking command in '/home/d-vinn/ros2_study/src/ros-turtle-control/ros-turtle-control/build/ros_pkg': CMAKE_PREFIX_PATH=${CMAKE_PREFIX_PATH}:/home/d-vinn/ros2_study/install/my_first_package:/opt/ros/humble PS1=(rospyvenv) \[\e]0;\u@\h: \w\a\]${debian_chroot:+($debian_chroot)}\[\033[01;32m\]\u@\h\[\033[00m\]:\[\033[01;34m\]\w\[\033[00m\]\$ VIRTUAL_ENV_PROMPT=(rospyvenv) /usr/bin/cmake /home/d-vinn/ros2_study/src/ros-turtle-control/ros-turtle-control/ros_pkg -DCMAKE_INSTALL_PREFIX=/home/d-vinn/ros2_study/src/ros-turtle-control/ros-turtle-control/install/ros_pkg
[0.318s] -- Found ament_cmake: 1.3.14 (/opt/ros/humble/share/ament_cmake/cmake)
[0.445s] -- Found rclcpp: 16.0.21 (/opt/ros/humble/share/rclcpp/cmake)
[0.590s] -- Found rosidl_generator_c: 3.1.9 (/opt/ros/humble/share/rosidl_generator_c/cmake)
[0.594s] -- Found rosidl_adapter: 3.1.9 (/opt/ros/humble/share/rosidl_adapter/cmake)
[0.606s] -- Found rosidl_generator_cpp: 3.1.9 (/opt/ros/humble/share/rosidl_generator_cpp/cmake)
[0.622s] -- Using all available rosidl_typesupport_c: rosidl_typesupport_fastrtps_c;rosidl_typesupport_introspection_c
[0.641s] -- Using all available rosidl_typesupport_cpp: rosidl_typesupport_fastrtps_cpp;rosidl_typesupport_introspection_cpp
[0.692s] -- Found rmw_implementation_cmake: 6.1.4 (/opt/ros/humble/share/rmw_implementation_cmake/cmake)
[0.695s] -- Found rmw_fastrtps_cpp: 6.2.10 (/opt/ros/humble/share/rmw_fastrtps_cpp/cmake)
[3.932s] -- Using RMW implementation 'rmw_fastrtps_cpp' as default
[4.034s] -- Found geometry_msgs: 4.9.2 (/opt/ros/humble/share/geometry_msgs/cmake)
[4.052s] -- Found std_srvs: 4.9.2 (/opt/ros/humble/share/std_srvs/cmake)
[4.068s] -- Found ament_lint_auto: 0.12.15 (/opt/ros/humble/share/ament_lint_auto/cmake)
[4.166s] -- Added test 'cppcheck' to perform static code analysis on C / C++ code
[4.166s] -- Configured cppcheck include dirs: 
[4.166s] -- Configured cppcheck exclude dirs and/or files: 
[4.168s] -- Added test 'lint_cmake' to check CMake code style
[4.169s] -- Added test 'uncrustify' to check C / C++ code style
[4.169s] -- Configured uncrustify additional arguments: 
[4.171s] -- Added test 'xmllint' to check XML markup files
[4.173s] -- Configuring done
[4.183s] -- Generating done
[4.187s] -- Build files have been written to: /home/d-vinn/ros2_study/src/ros-turtle-control/ros-turtle-control/build/ros_pkg
[4.192s] Invoked command in '/home/d-vinn/ros2_study/src/ros-turtle-control/ros-turtle-control/build/ros_pkg' returned '0': CMAKE_PREFIX_PATH=${CMAKE_PREFIX_PATH}:/home/d-vinn/ros2_study/install/my_first_package:/opt/ros/humble PS1=(rospyvenv) \[\e]0;\u@\h: \w\a\]${debian_chroot:+($debian_chroot)}\[\033[01;32m\]\u@\h\[\033[00m\]:\[\033[01;34m\]\w\[\033[00m\]\$ VIRTUAL_ENV_PROMPT=(rospyvenv) /usr/bin/cmake /home/d-vinn/ros2_study/src/ros-turtle-control/ros-turtle-control/ros_pkg -DCMAKE_INSTALL_PREFIX=/home/d-vinn/ros2_study/src/ros-turtle-control/ros-turtle-control/install/ros_pkg
[4.194s] Invoking command in '/home/d-vinn/ros2_study/src/ros-turtle-control/ros-turtle-control/build/ros_pkg': CMAKE_PREFIX_PATH=${CMAKE_PREFIX_PATH}:/home/d-vinn/ros2_study/install/my_first_package:/opt/ros/humble PS1=(rospyvenv) \[\e]0;\u@\h: \w\a\]${debian_chroot:+($debian_chroot)}\[\033[01;32m\]\u@\h\[\033[00m\]:\[\033[01;34m\]\w\[\033[00m\]\$ VIRTUAL_ENV_PROMPT=(rospyvenv) /usr/bin/cmake --build /home/d-vinn/ros2_study/src/ros-turtle-control/ros-turtle-control/build/ros_pkg -- -j8 -l8
[4.229s] [ 50%] [32mBuilding CXX object CMakeFiles/turtle_node.dir/src/turtle_control.cpp.o[0m
[12.367s] [100%] [32m[1mLinking CXX executable turtle_node[0m
[12.871s] [100%] Built target turtle_node
[12.881s] Invoked command in '/home/d-vinn/ros2_study/src/ros-turtle-control/ros-turtle-control/build/ros_pkg' returned '0': CMAKE_PREFIX_PATH=${CMAKE_PREFIX_PATH}:/home/d-vinn/ros2_study/install/my_first_package:/opt/ros/humble PS1=(rospyvenv) \[\e]0;\u@\h: \w\a\]${debian_chroot:+($debian_chroot)}\[\033[01;32m\]\u@\h\[\033[00m\]:\[\033[01;34m\]\w\[\033[00m\]\$ VIRTUAL_ENV_PROMPT=(rospyvenv) /usr/bin/cmake --build /home/d-vinn/ros2_study/src/ros-turtle-control/ros-turtle-control/build/ros_pkg -- -j8 -l8
[12.889s] Invoking command in '/home/d-vinn/ros2_study/src/ros-turtle-control/ros-turtle-control/build/ros_pkg': CMAKE_PREFIX_PATH=${CMAKE_PREFIX_PATH}:/home/d-vinn/ros2_study/install/my_first_package:/opt/ros/humble PS1=(rospyvenv) \[\e]0;\u@\h: \w\a\]${debian_chroot:+($debian_chroot)}\[\033[01;32m\]\u@\h\[\033[00m\]:\[\033[01;34m\]\w\[\033[00m\]\$ VIRTUAL_ENV_PROMPT=(rospyvenv) /usr/bin/cmake --install /home/d-vinn/ros2_study/src/ros-turtle-control/ros-turtle-control/build/ros_pkg
[12.894s] -- Install configuration: ""
[12.894s] -- Installing: /home/d-vinn/ros2_study/src/ros-turtle-control/ros-turtle-control/install/ros_pkg/lib/ros_pkg/turtle_node
[12.896s] -- Set runtime path of "/home/d-vinn/ros2_study/src/ros-turtle-control/ros-turtle-control/install/ros_pkg/lib/ros_pkg/turtle_node" to ""
[12.897s] -- Installing: /home/d-vinn/ros2_study/src/ros-turtle-control/ros-turtle-control/install/ros_pkg/share/ament_index/resource_index/package_run_dependencies/ros_pkg
[12.897s] -- Installing: /home/d-vinn/ros2_study/src/ros-turtle-control/ros-turtle-control/install/ros_pkg/share/ament_index/resource_index/parent_prefix_path/ros_pkg
[12.897s] -- Installing: /home/d-vinn/ros2_study/src/ros-turtle-control/ros-turtle-control/install/ros_pkg/share/ros_pkg/environment/ament_prefix_path.sh
[12.898s] -- Installing: /home/d-vinn/ros2_study/src/ros-turtle-control/ros-turtle-control/install/ros_pkg/share/ros_pkg/environment/ament_prefix_path.dsv
[12.898s] -- Installing: /home/d-vinn/ros2_study/src/ros-turtle-control/ros-turtle-control/install/ros_pkg/share/ros_pkg/environment/path.sh
[12.898s] -- Installing: /home/d-vinn/ros2_study/src/ros-turtle-control/ros-turtle-control/install/ros_pkg/share/ros_pkg/environment/path.dsv
[12.898s] -- Installing: /home/d-vinn/ros2_study/src/ros-turtle-control/ros-turtle-control/install/ros_pkg/share/ros_pkg/local_setup.bash
[12.898s] -- Installing: /home/d-vinn/ros2_study/src/ros-turtle-control/ros-turtle-control/install/ros_pkg/share/ros_pkg/local_setup.sh
[12.898s] -- Installing: /home/d-vinn/ros2_study/src/ros-turtle-control/ros-turtle-control/install/ros_pkg/share/ros_pkg/local_setup.zsh
[12.899s] -- Installing: /home/d-vinn/ros2_study/src/ros-turtle-control/ros-turtle-control/install/ros_pkg/share/ros_pkg/local_setup.dsv
[12.899s] -- Installing: /home/d-vinn/ros2_study/src/ros-turtle-control/ros-turtle-control/install/ros_pkg/share/ros_pkg/package.dsv
[12.899s] -- Installing: /home/d-vinn/ros2_study/src/ros-turtle-control/ros-turtle-control/install/ros_pkg/share/ament_index/resource_index/packages/ros_pkg
[12.899s] -- Installing: /home/d-vinn/ros2_study/src/ros-turtle-control/ros-turtle-control/install/ros_pkg/share/ros_pkg/cmake/ros_pkgConfig.cmake
[12.899s] -- Installing: /home/d-vinn/ros2_study/src/ros-turtle-control/ros-turtle-control/install/ros_pkg/share/ros_pkg/cmake/ros_pkgConfig-version.cmake
[12.899s] -- Installing: /home/d-vinn/ros2_study/src/ros-turtle-control/ros-turtle-control/install/ros_pkg/share/ros_pkg/package.xml
[12.902s] Invoked command in '/home/d-vinn/ros2_study/src/ros-turtle-control/ros-turtle-control/build/ros_pkg' returned '0': CMAKE_PREFIX_PATH=${CMAKE_PREFIX_PATH}:/home/d-vinn/ros2_study/install/my_first_package:/opt/ros/humble PS1=(rospyvenv) \[\e]0;\u@\h: \w\a\]${debian_chroot:+($debian_chroot)}\[\033[01;32m\]\u@\h\[\033[00m\]:\[\033[01;34m\]\w\[\033[00m\]\$ VIRTUAL_ENV_PROMPT=(rospyvenv) /usr/bin/cmake --install /home/d-vinn/ros2_study/src/ros-turtle-control/ros-turtle-control/build/ros_pkg
