[0.241s] Invoking command in '/home/d-vinn/ros2_study/src/ros-turtle-control/ros-turtle-control/build/ros_pkg': CMAKE_PREFIX_PATH=${CMAKE_PREFIX_PATH}:/home/d-vinn/ros2_study/install/my_first_package:/opt/ros/humble PS1=\[\e]0;\u@\h: \w\a\]${debian_chroot:+($debian_chroot)}\[\033[01;32m\]\u@\h\[\033[00m\]:\[\033[01;34m\]\w\[\033[00m\]\$ VIRTUAL_ENV_PROMPT=(rospyvenv) /usr/bin/cmake /home/d-vinn/ros2_study/src/ros-turtle-control/ros-turtle-control/ros_pkg -DCMAKE_INSTALL_PREFIX=/home/d-vinn/ros2_study/src/ros-turtle-control/ros-turtle-control/install/ros_pkg
[0.509s] -- The C compiler identification is GNU 11.4.0
[0.927s] -- The CXX compiler identification is GNU 11.4.0
[1.149s] -- Detecting C compiler ABI info
[1.267s] -- Detecting C compiler ABI info - done
[1.272s] -- Check for working C compiler: /usr/bin/cc - skipped
[1.273s] -- Detecting C compile features
[1.274s] -- Detecting C compile features - done
[1.278s] -- Detecting CXX compiler ABI info
[1.385s] -- Detecting CXX compiler ABI info - done
[1.391s] -- Check for working CXX compiler: /usr/bin/c++ - skipped
[1.391s] -- Detecting CXX compile features
[1.391s] -- Detecting CXX compile features - done
[1.412s] -- Found ament_cmake: 1.3.14 (/opt/ros/humble/share/ament_cmake/cmake)
[1.531s] -- Found Python3: /home/d-vinn/ros2_study/src/ros-turtle-control/ros-turtle-control/rospyvenv/bin/python3 (found version "3.10.12") found components: Interpreter 
[1.635s] -- Found rclcpp: 16.0.21 (/opt/ros/humble/share/rclcpp/cmake)
[1.788s] -- Found rosidl_generator_c: 3.1.9 (/opt/ros/humble/share/rosidl_generator_c/cmake)
[1.795s] -- Found rosidl_adapter: 3.1.9 (/opt/ros/humble/share/rosidl_adapter/cmake)
[1.808s] -- Found rosidl_generator_cpp: 3.1.9 (/opt/ros/humble/share/rosidl_generator_cpp/cmake)
[1.829s] -- Using all available rosidl_typesupport_c: rosidl_typesupport_fastrtps_c;rosidl_typesupport_introspection_c
[1.852s] -- Using all available rosidl_typesupport_cpp: rosidl_typesupport_fastrtps_cpp;rosidl_typesupport_introspection_cpp
[1.916s] -- Found rmw_implementation_cmake: 6.1.4 (/opt/ros/humble/share/rmw_implementation_cmake/cmake)
[1.921s] -- Found rmw_fastrtps_cpp: 6.2.10 (/opt/ros/humble/share/rmw_fastrtps_cpp/cmake)
[2.783s] -- Found OpenSSL: /usr/lib/x86_64-linux-gnu/libcrypto.so (found version "3.0.2")  
[3.674s] -- Found FastRTPS: /opt/ros/humble/include  
[5.295s] -- Using RMW implementation 'rmw_fastrtps_cpp' as default
[5.308s] -- Looking for pthread.h
[5.428s] -- Looking for pthread.h - found
[5.428s] -- Performing Test CMAKE_HAVE_LIBC_PTHREAD
[5.539s] -- Performing Test CMAKE_HAVE_LIBC_PTHREAD - Success
[5.540s] -- Found Threads: TRUE  
[5.616s] -- Found geometry_msgs: 4.9.2 (/opt/ros/humble/share/geometry_msgs/cmake)
[5.639s] -- Found std_srvs: 4.9.2 (/opt/ros/humble/share/std_srvs/cmake)
[5.658s] -- Found ament_lint_auto: 0.12.15 (/opt/ros/humble/share/ament_lint_auto/cmake)
[5.675s] Traceback (most recent call last):
[5.675s]   File "/opt/ros/humble/share/ament_cmake_core/cmake/core/package_xml_2_cmake.py", line 22, in <module>
[5.675s]     from catkin_pkg.package import parse_package_string
[5.675s] ModuleNotFoundError: No module named 'catkin_pkg'
[5.677s] [31mCMake Error at /opt/ros/humble/share/ament_cmake_core/cmake/core/ament_package_xml.cmake:95 (message):
[5.677s]   
[5.677s]   execute_process(/home/d-vinn/ros2_study/src/ros-turtle-control/ros-turtle-control/rospyvenv/bin/python3
[5.677s]   /opt/ros/humble/share/ament_cmake_core/cmake/core/package_xml_2_cmake.py
[5.677s]   /home/d-vinn/ros2_study/src/ros-turtle-control/ros-turtle-control/ros_pkg/package.xml
[5.677s]   /home/d-vinn/ros2_study/src/ros-turtle-control/ros-turtle-control/build/ros_pkg/ament_cmake_core/package.cmake)
[5.677s]   returned error code 1
[5.677s] Call Stack (most recent call first):
[5.677s]   /opt/ros/humble/share/ament_cmake_core/cmake/core/ament_package_xml.cmake:49 (_ament_package_xml)
[5.677s]   /opt/ros/humble/share/ament_lint_auto/cmake/ament_lint_auto_find_test_dependencies.cmake:31 (ament_package_xml)
[5.677s]   CMakeLists.txt:24 (ament_lint_auto_find_test_dependencies)
[5.678s] 
[5.678s] [0m
[5.678s] -- Configuring incomplete, errors occurred!
[5.678s] See also "/home/d-vinn/ros2_study/src/ros-turtle-control/ros-turtle-control/build/ros_pkg/CMakeFiles/CMakeOutput.log".
[5.683s] Invoked command in '/home/d-vinn/ros2_study/src/ros-turtle-control/ros-turtle-control/build/ros_pkg' returned '1': CMAKE_PREFIX_PATH=${CMAKE_PREFIX_PATH}:/home/d-vinn/ros2_study/install/my_first_package:/opt/ros/humble PS1=\[\e]0;\u@\h: \w\a\]${debian_chroot:+($debian_chroot)}\[\033[01;32m\]\u@\h\[\033[00m\]:\[\033[01;34m\]\w\[\033[00m\]\$ VIRTUAL_ENV_PROMPT=(rospyvenv) /usr/bin/cmake /home/d-vinn/ros2_study/src/ros-turtle-control/ros-turtle-control/ros_pkg -DCMAKE_INSTALL_PREFIX=/home/d-vinn/ros2_study/src/ros-turtle-control/ros-turtle-control/install/ros_pkg
